Archive member included to satisfy reference by file (symbol)

c:/st/stm32cubeide_1.7.0/stm32cubeide/plugins/com.st.stm32cube.ide.mcu.externaltools.gnu-tools-for-stm32.9-2020-q2-update.win32_2.0.0.202105311346/tools/bin/../lib/gcc/arm-none-eabi/9.3.1/../../../../arm-none-eabi/lib/thumb/v7-m/nofp\libc_nano.a(lib_a-errno.o)
                              ./Core/Src/syscalls.o (__errno)
c:/st/stm32cubeide_1.7.0/stm32cubeide/plugins/com.st.stm32cube.ide.mcu.externaltools.gnu-tools-for-stm32.9-2020-q2-update.win32_2.0.0.202105311346/tools/bin/../lib/gcc/arm-none-eabi/9.3.1/../../../../arm-none-eabi/lib/thumb/v7-m/nofp\libc_nano.a(lib_a-exit.o)
                              c:/st/stm32cubeide_1.7.0/stm32cubeide/plugins/com.st.stm32cube.ide.mcu.externaltools.gnu-tools-for-stm32.9-2020-q2-update.win32_2.0.0.202105311346/tools/bin/../lib/gcc/arm-none-eabi/9.3.1/../../../../arm-none-eabi/lib/thumb/v7-m/nofp/crt0.o (exit)
c:/st/stm32cubeide_1.7.0/stm32cubeide/plugins/com.st.stm32cube.ide.mcu.externaltools.gnu-tools-for-stm32.9-2020-q2-update.win32_2.0.0.202105311346/tools/bin/../lib/gcc/arm-none-eabi/9.3.1/../../../../arm-none-eabi/lib/thumb/v7-m/nofp\libc_nano.a(lib_a-impure.o)
                              c:/st/stm32cubeide_1.7.0/stm32cubeide/plugins/com.st.stm32cube.ide.mcu.externaltools.gnu-tools-for-stm32.9-2020-q2-update.win32_2.0.0.202105311346/tools/bin/../lib/gcc/arm-none-eabi/9.3.1/../../../../arm-none-eabi/lib/thumb/v7-m/nofp\libc_nano.a(lib_a-exit.o) (_global_impure_ptr)
c:/st/stm32cubeide_1.7.0/stm32cubeide/plugins/com.st.stm32cube.ide.mcu.externaltools.gnu-tools-for-stm32.9-2020-q2-update.win32_2.0.0.202105311346/tools/bin/../lib/gcc/arm-none-eabi/9.3.1/../../../../arm-none-eabi/lib/thumb/v7-m/nofp\libc_nano.a(lib_a-init.o)
                              c:/st/stm32cubeide_1.7.0/stm32cubeide/plugins/com.st.stm32cube.ide.mcu.externaltools.gnu-tools-for-stm32.9-2020-q2-update.win32_2.0.0.202105311346/tools/bin/../lib/gcc/arm-none-eabi/9.3.1/../../../../arm-none-eabi/lib/thumb/v7-m/nofp/crt0.o (__libc_init_array)
c:/st/stm32cubeide_1.7.0/stm32cubeide/plugins/com.st.stm32cube.ide.mcu.externaltools.gnu-tools-for-stm32.9-2020-q2-update.win32_2.0.0.202105311346/tools/bin/../lib/gcc/arm-none-eabi/9.3.1/../../../../arm-none-eabi/lib/thumb/v7-m/nofp\libc_nano.a(lib_a-memset.o)
                              c:/st/stm32cubeide_1.7.0/stm32cubeide/plugins/com.st.stm32cube.ide.mcu.externaltools.gnu-tools-for-stm32.9-2020-q2-update.win32_2.0.0.202105311346/tools/bin/../lib/gcc/arm-none-eabi/9.3.1/../../../../arm-none-eabi/lib/thumb/v7-m/nofp/crt0.o (memset)

Allocating common symbols
Common symbol       size              file

uwTick              0x4               ./Drivers/STM32F1xx_HAL_Driver/Src/stm32f1xx_hal.o
pFlash              0x20              ./Drivers/STM32F1xx_HAL_Driver/Src/stm32f1xx_hal_flash.o
htim2               0x48              ./Core/Src/main.o

Discarded input sections

 .text          0x0000000000000000        0x0 c:/st/stm32cubeide_1.7.0/stm32cubeide/plugins/com.st.stm32cube.ide.mcu.externaltools.gnu-tools-for-stm32.9-2020-q2-update.win32_2.0.0.202105311346/tools/bin/../lib/gcc/arm-none-eabi/9.3.1/thumb/v7-m/nofp/crti.o
 .data          0x0000000000000000        0x0 c:/st/stm32cubeide_1.7.0/stm32cubeide/plugins/com.st.stm32cube.ide.mcu.externaltools.gnu-tools-for-stm32.9-2020-q2-update.win32_2.0.0.202105311346/tools/bin/../lib/gcc/arm-none-eabi/9.3.1/thumb/v7-m/nofp/crti.o
 .bss           0x0000000000000000        0x0 c:/st/stm32cubeide_1.7.0/stm32cubeide/plugins/com.st.stm32cube.ide.mcu.externaltools.gnu-tools-for-stm32.9-2020-q2-update.win32_2.0.0.202105311346/tools/bin/../lib/gcc/arm-none-eabi/9.3.1/thumb/v7-m/nofp/crti.o
 .data          0x0000000000000000        0x4 c:/st/stm32cubeide_1.7.0/stm32cubeide/plugins/com.st.stm32cube.ide.mcu.externaltools.gnu-tools-for-stm32.9-2020-q2-update.win32_2.0.0.202105311346/tools/bin/../lib/gcc/arm-none-eabi/9.3.1/thumb/v7-m/nofp/crtbegin.o
 .text          0x0000000000000000       0x7c c:/st/stm32cubeide_1.7.0/stm32cubeide/plugins/com.st.stm32cube.ide.mcu.externaltools.gnu-tools-for-stm32.9-2020-q2-update.win32_2.0.0.202105311346/tools/bin/../lib/gcc/arm-none-eabi/9.3.1/../../../../arm-none-eabi/lib/thumb/v7-m/nofp/crt0.o
 .data          0x0000000000000000        0x0 c:/st/stm32cubeide_1.7.0/stm32cubeide/plugins/com.st.stm32cube.ide.mcu.externaltools.gnu-tools-for-stm32.9-2020-q2-update.win32_2.0.0.202105311346/tools/bin/../lib/gcc/arm-none-eabi/9.3.1/../../../../arm-none-eabi/lib/thumb/v7-m/nofp/crt0.o
 .bss           0x0000000000000000        0x0 c:/st/stm32cubeide_1.7.0/stm32cubeide/plugins/com.st.stm32cube.ide.mcu.externaltools.gnu-tools-for-stm32.9-2020-q2-update.win32_2.0.0.202105311346/tools/bin/../lib/gcc/arm-none-eabi/9.3.1/../../../../arm-none-eabi/lib/thumb/v7-m/nofp/crt0.o
[...]
Memory Configuration

Name             Origin             Length             Attributes
RAM              0x0000000020000000 0x0000000000002800 xrw
FLASH            0x0000000008000000 0x0000000000008000 xr
*default*        0x0000000000000000 0xffffffffffffffff

Linker script and memory map

LOAD c:/st/stm32cubeide_1.7.0/stm32cubeide/plugins/com.st.stm32cube.ide.mcu.externaltools.gnu-tools-for-stm32.9-2020-q2-update.win32_2.0.0.202105311346/tools/bin/../lib/gcc/arm-none-eabi/9.3.1/thumb/v7-m/nofp/crti.o
LOAD c:/st/stm32cubeide_1.7.0/stm32cubeide/plugins/com.st.stm32cube.ide.mcu.externaltools.gnu-tools-for-stm32.9-2020-q2-update.win32_2.0.0.202105311346/tools/bin/../lib/gcc/arm-none-eabi/9.3.1/thumb/v7-m/nofp/crtbegin.o
LOAD c:/st/stm32cubeide_1.7.0/stm32cubeide/plugins/com.st.stm32cube.ide.mcu.externaltools.gnu-tools-for-stm32.9-2020-q2-update.win32_2.0.0.202105311346/tools/bin/../lib/gcc/arm-none-eabi/9.3.1/../../../../arm-none-eabi/lib/thumb/v7-m/nofp/crt0.o
LOAD ./Core/Src/blink_led.o
LOAD ./Core/Src/button.o
LOAD ./Core/Src/display7SEG.o
LOAD ./Core/Src/fsm_automatic.o
LOAD ./Core/Src/global.o
LOAD ./Core/Src/main.o
LOAD ./Core/Src/main_fsm.o
LOAD ./Core/Src/software_timer.o
LOAD ./Core/Src/stm32f1xx_hal_msp.o
LOAD ./Core/Src/stm32f1xx_it.o
LOAD ./Core/Src/syscalls.o
LOAD ./Core/Src/sysmem.o
LOAD ./Core/Src/system_stm32f1xx.o
LOAD ./Core/Startup/startup_stm32f103c6ux.o
LOAD ./Drivers/STM32F1xx_HAL_Driver/Src/stm32f1xx_hal.o
LOAD ./Drivers/STM32F1xx_HAL_Driver/Src/stm32f1xx_hal_cortex.o
LOAD ./Drivers/STM32F1xx_HAL_Driver/Src/stm32f1xx_hal_dma.o
LOAD ./Drivers/STM32F1xx_HAL_Driver/Src/stm32f1xx_hal_exti.o
LOAD ./Drivers/STM32F1xx_HAL_Driver/Src/stm32f1xx_hal_flash.o
LOAD ./Drivers/STM32F1xx_HAL_Driver/Src/stm32f1xx_hal_flash_ex.o
LOAD ./Drivers/STM32F1xx_HAL_Driver/Src/stm32f1xx_hal_gpio.o
LOAD ./Drivers/STM32F1xx_HAL_Driver/Src/stm32f1xx_hal_gpio_ex.o
LOAD ./Drivers/STM32F1xx_HAL_Driver/Src/stm32f1xx_hal_pwr.o
LOAD ./Drivers/STM32F1xx_HAL_Driver/Src/stm32f1xx_hal_rcc.o
LOAD ./Drivers/STM32F1xx_HAL_Driver/Src/stm32f1xx_hal_rcc_ex.o
LOAD ./Drivers/STM32F1xx_HAL_Driver/Src/stm32f1xx_hal_tim.o
LOAD ./Drivers/STM32F1xx_HAL_Driver/Src/stm32f1xx_hal_tim_ex.o
START GROUP
LOAD c:/st/stm32cubeide_1.7.0/stm32cubeide/plugins/com.st.stm32cube.ide.mcu.externaltools.gnu-tools-for-stm32.9-2020-q2-update.win32_2.0.0.202105311346/tools/bin/../lib/gcc/arm-none-eabi/9.3.1/../../../../arm-none-eabi/lib/thumb/v7-m/nofp\libc_nano.a
LOAD c:/st/stm32cubeide_1.7.0/stm32cubeide/plugins/com.st.stm32cube.ide.mcu.externaltools.gnu-tools-for-stm32.9-2020-q2-update.win32_2.0.0.202105311346/tools/bin/../lib/gcc/arm-none-eabi/9.3.1/../../../../arm-none-eabi/lib/thumb/v7-m/nofp\libm.a
END GROUP
START GROUP
LOAD c:/st/stm32cubeide_1.7.0/stm32cubeide/plugins/com.st.stm32cube.ide.mcu.externaltools.gnu-tools-for-stm32.9-2020-q2-update.win32_2.0.0.202105311346/tools/bin/../lib/gcc/arm-none-eabi/9.3.1/thumb/v7-m/nofp\libgcc.a
LOAD c:/st/stm32cubeide_1.7.0/stm32cubeide/plugins/com.st.stm32cube.ide.mcu.externaltools.gnu-tools-for-stm32.9-2020-q2-update.win32_2.0.0.202105311346/tools/bin/../lib/gcc/arm-none-eabi/9.3.1/../../../../arm-none-eabi/lib/thumb/v7-m/nofp\libc_nano.a
END GROUP
START GROUP
LOAD c:/st/stm32cubeide_1.7.0/stm32cubeide/plugins/com.st.stm32cube.ide.mcu.externaltools.gnu-tools-for-stm32.9-2020-q2-update.win32_2.0.0.202105311346/tools/bin/../lib/gcc/arm-none-eabi/9.3.1/thumb/v7-m/nofp\libgcc.a
LOAD c:/st/stm32cubeide_1.7.0/stm32cubeide/plugins/com.st.stm32cube.ide.mcu.externaltools.gnu-tools-for-stm32.9-2020-q2-update.win32_2.0.0.202105311346/tools/bin/../lib/gcc/arm-none-eabi/9.3.1/../../../../arm-none-eabi/lib/thumb/v7-m/nofp\libc_nano.a
LOAD c:/st/stm32cubeide_1.7.0/stm32cubeide/plugins/com.st.stm32cube.ide.mcu.externaltools.gnu-tools-for-stm32.9-2020-q2-update.win32_2.0.0.202105311346/tools/bin/../lib/gcc/arm-none-eabi/9.3.1/../../../../arm-none-eabi/lib/thumb/v7-m/nofp\libnosys.a
END GROUP
START GROUP
LOAD c:/st/stm32cubeide_1.7.0/stm32cubeide/plugins/com.st.stm32cube.ide.mcu.externaltools.gnu-tools-for-stm32.9-2020-q2-update.win32_2.0.0.202105311346/tools/bin/../lib/gcc/arm-none-eabi/9.3.1/thumb/v7-m/nofp\libgcc.a
LOAD c:/st/stm32cubeide_1.7.0/stm32cubeide/plugins/com.st.stm32cube.ide.mcu.externaltools.gnu-tools-for-stm32.9-2020-q2-update.win32_2.0.0.202105311346/tools/bin/../lib/gcc/arm-none-eabi/9.3.1/../../../../arm-none-eabi/lib/thumb/v7-m/nofp\libc_nano.a
LOAD c:/st/stm32cubeide_1.7.0/stm32cubeide/plugins/com.st.stm32cube.ide.mcu.externaltools.gnu-tools-for-stm32.9-2020-q2-update.win32_2.0.0.202105311346/tools/bin/../lib/gcc/arm-none-eabi/9.3.1/../../../../arm-none-eabi/lib/thumb/v7-m/nofp\libnosys.a
END GROUP
LOAD c:/st/stm32cubeide_1.7.0/stm32cubeide/plugins/com.st.stm32cube.ide.mcu.externaltools.gnu-tools-for-stm32.9-2020-q2-update.win32_2.0.0.202105311346/tools/bin/../lib/gcc/arm-none-eabi/9.3.1/thumb/v7-m/nofp/crtend.o
LOAD c:/st/stm32cubeide_1.7.0/stm32cubeide/plugins/com.st.stm32cube.ide.mcu.externaltools.gnu-tools-for-stm32.9-2020-q2-update.win32_2.0.0.202105311346/tools/bin/../lib/gcc/arm-none-eabi/9.3.1/thumb/v7-m/nofp/crtn.o
                0x0000000020002800                _estack = (ORIGIN (RAM) + LENGTH (RAM))
                0x0000000000000200                _Min_Heap_Size = 0x200
                0x0000000000000400                _Min_Stack_Size = 0x400

.isr_vector     0x0000000008000000      0x10c
                0x0000000008000000                . = ALIGN (0x4)
 *(.isr_vector)
 .isr_vector    0x0000000008000000      0x10c ./Core/Startup/startup_stm32f103c6ux.o
                0x0000000008000000                g_pfnVectors
                0x000000000800010c                . = ALIGN (0x4)

.text           0x000000000800010c     0x3058
                0x000000000800010c                . = ALIGN (0x4)
 *(.text)
 .text          0x000000000800010c       0x40 c:/st/stm32cubeide_1.7.0/stm32cubeide/plugins/com.st.stm32cube.ide.mcu.externaltools.gnu-tools-for-stm32.9-2020-q2-update.win32_2.0.0.202105311346/tools/bin/../lib/gcc/arm-none-eabi/9.3.1/thumb/v7-m/nofp/crtbegin.o
 *(.text*)
 .text.blink_led_red
                0x000000000800014c       0x44 ./Core/Src/blink_led.o
                0x000000000800014c                blink_led_red
 .text.blink_led_yellow
                0x0000000008000190       0x44 ./Core/Src/blink_led.o
                0x0000000008000190                blink_led_yellow
 .text.blink_led_green
                0x00000000080001d4       0x40 ./Core/Src/blink_led.o
                0x00000000080001d4                blink_led_green
 .text.clearAllLed
                0x0000000008000214       0x90 ./Core/Src/blink_led.o
                0x0000000008000214                clearAllLed
 .text.isButton1Pressed
                0x00000000080002a4       0x24 ./Core/Src/button.o
                0x00000000080002a4                isButton1Pressed
 .text.isButton2Pressed
                0x00000000080002c8       0x24 ./Core/Src/button.o
                0x00000000080002c8                isButton2Pressed
 .text.isButton3Pressed
                0x00000000080002ec       0x24 ./Core/Src/button.o
                0x00000000080002ec                isButton3Pressed
 .text.subKeyProcess1
                0x0000000008000310       0x18 ./Core/Src/button.o
                0x0000000008000310                subKeyProcess1
 .text.subKeyProcess2
                0x0000000008000328       0x18 ./Core/Src/button.o
                0x0000000008000328                subKeyProcess2
 .text.subKeyProcess3
                0x0000000008000340       0x18 ./Core/Src/button.o
                0x0000000008000340                subKeyProcess3
 .text.getKeyInput
                0x0000000008000358      0x1b0 ./Core/Src/button.o
                0x0000000008000358                getKeyInput
 .text.display7SEG_1
                0x0000000008000508      0x320 ./Core/Src/display7SEG.o
                0x0000000008000508                display7SEG_1
 .text.display7SEG_2
                0x0000000008000828      0x39c ./Core/Src/display7SEG.o
                0x0000000008000828                display7SEG_2
 .text.update7SEG1forMode234
                0x0000000008000bc4      0x12c ./Core/Src/display7SEG.o
                0x0000000008000bc4                update7SEG1forMode234
 .text.traffic_time
                0x0000000008000cf0      0x244 ./Core/Src/display7SEG.o
                0x0000000008000cf0                traffic_time
 .text.fsm_automatic1_run
                0x0000000008000f34      0x1b4 ./Core/Src/fsm_automatic.o
                0x0000000008000f34                fsm_automatic1_run
 .text.fsm_automatic2_run
                0x00000000080010e8      0x1c8 ./Core/Src/fsm_automatic.o
                0x00000000080010e8                fsm_automatic2_run
 .text.main     0x00000000080012b0       0x74 ./Core/Src/main.o
                0x00000000080012b0                main
 .text.SystemClock_Config
                0x0000000008001324       0x76 ./Core/Src/main.o
                0x0000000008001324                SystemClock_Config
 *fill*         0x000000000800139a        0x2 
 .text.MX_TIM2_Init
                0x000000000800139c       0x98 ./Core/Src/main.o
 .text.MX_GPIO_Init
                0x0000000008001434       0xe4 ./Core/Src/main.o
 .text.HAL_TIM_PeriodElapsedCallback
                0x0000000008001518       0x18 ./Core/Src/main.o
                0x0000000008001518                HAL_TIM_PeriodElapsedCallback
 .text.Error_Handler
                0x0000000008001530        0xa ./Core/Src/main.o
                0x0000000008001530                Error_Handler
 *fill*         0x000000000800153a        0x2 
 .text.main_fsm
                0x000000000800153c      0x2b8 ./Core/Src/main_fsm.o
                0x000000000800153c                main_fsm
 .text.setTimer1
                0x00000000080017f4       0x28 ./Core/Src/software_timer.o
                0x00000000080017f4                setTimer1
 .text.setTimer2
                0x000000000800181c       0x28 ./Core/Src/software_timer.o
                0x000000000800181c                setTimer2
 .text.setTimer3
                0x0000000008001844       0x28 ./Core/Src/software_timer.o
                0x0000000008001844                setTimer3
 .text.setTimer4
                0x000000000800186c       0x28 ./Core/Src/software_timer.o
                0x000000000800186c                setTimer4
 .text.setTimer5
                0x0000000008001894       0x28 ./Core/Src/software_timer.o
                0x0000000008001894                setTimer5
 .text.timerRun
                0x00000000080018bc       0xd4 ./Core/Src/software_timer.o
                0x00000000080018bc                timerRun
 .text.HAL_MspInit
                0x0000000008001990       0x64 ./Core/Src/stm32f1xx_hal_msp.o
                0x0000000008001990                HAL_MspInit
 .text.HAL_TIM_Base_MspInit
                0x00000000080019f4       0x48 ./Core/Src/stm32f1xx_hal_msp.o
                0x00000000080019f4                HAL_TIM_Base_MspInit
 .text.NMI_Handler
                0x0000000008001a3c        0x6 ./Core/Src/stm32f1xx_it.o
                0x0000000008001a3c                NMI_Handler
 .text.HardFault_Handler
                0x0000000008001a42        0x6 ./Core/Src/stm32f1xx_it.o
                0x0000000008001a42                HardFault_Handler
 .text.MemManage_Handler
                0x0000000008001a48        0x6 ./Core/Src/stm32f1xx_it.o
                0x0000000008001a48                MemManage_Handler
 .text.BusFault_Handler
                0x0000000008001a4e        0x6 ./Core/Src/stm32f1xx_it.o
                0x0000000008001a4e                BusFault_Handler
 .text.UsageFault_Handler
                0x0000000008001a54        0x6 ./Core/Src/stm32f1xx_it.o
                0x0000000008001a54                UsageFault_Handler
 .text.SVC_Handler
                0x0000000008001a5a        0xc ./Core/Src/stm32f1xx_it.o
                0x0000000008001a5a                SVC_Handler
 .text.DebugMon_Handler
                0x0000000008001a66        0xc ./Core/Src/stm32f1xx_it.o
                0x0000000008001a66                DebugMon_Handler
 .text.PendSV_Handler
                0x0000000008001a72        0xc ./Core/Src/stm32f1xx_it.o
                0x0000000008001a72                PendSV_Handler
 .text.SysTick_Handler
                0x0000000008001a7e        0xc ./Core/Src/stm32f1xx_it.o
                0x0000000008001a7e                SysTick_Handler
 *fill*         0x0000000008001a8a        0x2 
 .text.TIM2_IRQHandler
                0x0000000008001a8c       0x14 ./Core/Src/stm32f1xx_it.o
                0x0000000008001a8c                TIM2_IRQHandler
 .text.SystemInit
                0x0000000008001aa0        0xc ./Core/Src/system_stm32f1xx.o
                0x0000000008001aa0                SystemInit
 .text.Reset_Handler
                0x0000000008001aac       0x48 ./Core/Startup/startup_stm32f103c6ux.o
                0x0000000008001aac                Reset_Handler
 .text.Default_Handler
                0x0000000008001af4        0x2 ./Core/Startup/startup_stm32f103c6ux.o
                0x0000000008001af4                RTC_Alarm_IRQHandler
                0x0000000008001af4                EXTI2_IRQHandler
                0x0000000008001af4                TIM1_CC_IRQHandler
                0x0000000008001af4                PVD_IRQHandler
                0x0000000008001af4                EXTI3_IRQHandler
                0x0000000008001af4                EXTI0_IRQHandler
                0x0000000008001af4                ADC1_2_IRQHandler
                0x0000000008001af4                SPI1_IRQHandler
                0x0000000008001af4                TAMPER_IRQHandler
                0x0000000008001af4                DMA1_Channel4_IRQHandler
                0x0000000008001af4                RTC_IRQHandler
                0x0000000008001af4                DMA1_Channel7_IRQHandler
                0x0000000008001af4                CAN1_RX1_IRQHandler
                0x0000000008001af4                I2C1_EV_IRQHandler
                0x0000000008001af4                DMA1_Channel6_IRQHandler
                0x0000000008001af4                TIM3_IRQHandler
                0x0000000008001af4                RCC_IRQHandler
                0x0000000008001af4                TIM1_TRG_COM_IRQHandler
                0x0000000008001af4                DMA1_Channel1_IRQHandler
                0x0000000008001af4                Default_Handler
                0x0000000008001af4                EXTI15_10_IRQHandler
                0x0000000008001af4                EXTI9_5_IRQHandler
                0x0000000008001af4                DMA1_Channel5_IRQHandler
                0x0000000008001af4                EXTI4_IRQHandler
                0x0000000008001af4                USB_LP_CAN1_RX0_IRQHandler
                0x0000000008001af4                USB_HP_CAN1_TX_IRQHandler
                0x0000000008001af4                DMA1_Channel3_IRQHandler
                0x0000000008001af4                TIM1_UP_IRQHandler
                0x0000000008001af4                WWDG_IRQHandler
                0x0000000008001af4                TIM1_BRK_IRQHandler
                0x0000000008001af4                EXTI1_IRQHandler
                0x0000000008001af4                USART2_IRQHandler
                0x0000000008001af4                DMA1_Channel2_IRQHandler
                0x0000000008001af4                CAN1_SCE_IRQHandler
                0x0000000008001af4                FLASH_IRQHandler
                0x0000000008001af4                USART1_IRQHandler
                0x0000000008001af4                I2C1_ER_IRQHandler
                0x0000000008001af4                USBWakeUp_IRQHandler
 *fill*         0x0000000008001af6        0x2 
 .text.HAL_Init
                0x0000000008001af8       0x2c ./Drivers/STM32F1xx_HAL_Driver/Src/stm32f1xx_hal.o
                0x0000000008001af8                HAL_Init
 .text.HAL_InitTick
                0x0000000008001b24       0x60 ./Drivers/STM32F1xx_HAL_Driver/Src/stm32f1xx_hal.o
                0x0000000008001b24                HAL_InitTick
 .text.HAL_IncTick
                0x0000000008001b84       0x24 ./Drivers/STM32F1xx_HAL_Driver/Src/stm32f1xx_hal.o
                0x0000000008001b84                HAL_IncTick
 .text.HAL_GetTick
                0x0000000008001ba8       0x14 ./Drivers/STM32F1xx_HAL_Driver/Src/stm32f1xx_hal.o
                0x0000000008001ba8                HAL_GetTick
 .text.__NVIC_SetPriorityGrouping
                0x0000000008001bbc       0x48 ./Drivers/STM32F1xx_HAL_Driver/Src/stm32f1xx_hal_cortex.o
 .text.__NVIC_GetPriorityGrouping
                0x0000000008001c04       0x1c ./Drivers/STM32F1xx_HAL_Driver/Src/stm32f1xx_hal_cortex.o
 .text.__NVIC_EnableIRQ
                0x0000000008001c20       0x38 ./Drivers/STM32F1xx_HAL_Driver/Src/stm32f1xx_hal_cortex.o
 .text.__NVIC_SetPriority
                0x0000000008001c58       0x54 ./Drivers/STM32F1xx_HAL_Driver/Src/stm32f1xx_hal_cortex.o
 .text.NVIC_EncodePriority
                0x0000000008001cac       0x64 ./Drivers/STM32F1xx_HAL_Driver/Src/stm32f1xx_hal_cortex.o
 .text.SysTick_Config
                0x0000000008001d10       0x44 ./Drivers/STM32F1xx_HAL_Driver/Src/stm32f1xx_hal_cortex.o
 .text.HAL_NVIC_SetPriorityGrouping
                0x0000000008001d54       0x16 ./Drivers/STM32F1xx_HAL_Driver/Src/stm32f1xx_hal_cortex.o
                0x0000000008001d54                HAL_NVIC_SetPriorityGrouping
 .text.HAL_NVIC_SetPriority
                0x0000000008001d6a       0x38 ./Drivers/STM32F1xx_HAL_Driver/Src/stm32f1xx_hal_cortex.o
                0x0000000008001d6a                HAL_NVIC_SetPriority
 .text.HAL_NVIC_EnableIRQ
                0x0000000008001da2       0x1c ./Drivers/STM32F1xx_HAL_Driver/Src/stm32f1xx_hal_cortex.o
                0x0000000008001da2                HAL_NVIC_EnableIRQ
 .text.HAL_SYSTICK_Config
                0x0000000008001dbe       0x18 ./Drivers/STM32F1xx_HAL_Driver/Src/stm32f1xx_hal_cortex.o
                0x0000000008001dbe                HAL_SYSTICK_Config
 *fill*         0x0000000008001dd6        0x2 
 .text.HAL_GPIO_Init
                0x0000000008001dd8      0x2f4 ./Drivers/STM32F1xx_HAL_Driver/Src/stm32f1xx_hal_gpio.o
                0x0000000008001dd8                HAL_GPIO_Init
 .text.HAL_GPIO_ReadPin
                0x00000000080020cc       0x2e ./Drivers/STM32F1xx_HAL_Driver/Src/stm32f1xx_hal_gpio.o
                0x00000000080020cc                HAL_GPIO_ReadPin
 .text.HAL_GPIO_WritePin
                0x00000000080020fa       0x30 ./Drivers/STM32F1xx_HAL_Driver/Src/stm32f1xx_hal_gpio.o
                0x00000000080020fa                HAL_GPIO_WritePin
 .text.HAL_GPIO_TogglePin
                0x000000000800212a       0x32 ./Drivers/STM32F1xx_HAL_Driver/Src/stm32f1xx_hal_gpio.o
                0x000000000800212a                HAL_GPIO_TogglePin
 .text.HAL_RCC_OscConfig
                0x000000000800215c      0x500 ./Drivers/STM32F1xx_HAL_Driver/Src/stm32f1xx_hal_rcc.o
                0x000000000800215c                HAL_RCC_OscConfig
 .text.HAL_RCC_ClockConfig
                0x000000000800265c      0x1d4 ./Drivers/STM32F1xx_HAL_Driver/Src/stm32f1xx_hal_rcc.o
                0x000000000800265c                HAL_RCC_ClockConfig
 .text.HAL_RCC_GetSysClockFreq
                0x0000000008002830       0xc0 ./Drivers/STM32F1xx_HAL_Driver/Src/stm32f1xx_hal_rcc.o
                0x0000000008002830                HAL_RCC_GetSysClockFreq
 .text.RCC_Delay
                0x00000000080028f0       0x3c ./Drivers/STM32F1xx_HAL_Driver/Src/stm32f1xx_hal_rcc.o
 .text.HAL_TIM_Base_Init
                0x000000000800292c       0x9e ./Drivers/STM32F1xx_HAL_Driver/Src/stm32f1xx_hal_tim.o
                0x000000000800292c                HAL_TIM_Base_Init
 *fill*         0x00000000080029ca        0x2 
 .text.HAL_TIM_Base_Start_IT
                0x00000000080029cc       0x98 ./Drivers/STM32F1xx_HAL_Driver/Src/stm32f1xx_hal_tim.o
                0x00000000080029cc                HAL_TIM_Base_Start_IT
 .text.HAL_TIM_IRQHandler
                0x0000000008002a64      0x210 ./Drivers/STM32F1xx_HAL_Driver/Src/stm32f1xx_hal_tim.o
                0x0000000008002a64                HAL_TIM_IRQHandler
 .text.HAL_TIM_ConfigClockSource
                0x0000000008002c74      0x188 ./Drivers/STM32F1xx_HAL_Driver/Src/stm32f1xx_hal_tim.o
                0x0000000008002c74                HAL_TIM_ConfigClockSource
 .text.HAL_TIM_OC_DelayElapsedCallback
                0x0000000008002dfc       0x12 ./Drivers/STM32F1xx_HAL_Driver/Src/stm32f1xx_hal_tim.o
                0x0000000008002dfc                HAL_TIM_OC_DelayElapsedCallback
 .text.HAL_TIM_IC_CaptureCallback
                0x0000000008002e0e       0x12 ./Drivers/STM32F1xx_HAL_Driver/Src/stm32f1xx_hal_tim.o
                0x0000000008002e0e                HAL_TIM_IC_CaptureCallback
 .text.HAL_TIM_PWM_PulseFinishedCallback
                0x0000000008002e20       0x12 ./Drivers/STM32F1xx_HAL_Driver/Src/stm32f1xx_hal_tim.o
                0x0000000008002e20                HAL_TIM_PWM_PulseFinishedCallback
 .text.HAL_TIM_TriggerCallback
                0x0000000008002e32       0x12 ./Drivers/STM32F1xx_HAL_Driver/Src/stm32f1xx_hal_tim.o
                0x0000000008002e32                HAL_TIM_TriggerCallback
 .text.TIM_Base_SetConfig
                0x0000000008002e44       0xb0 ./Drivers/STM32F1xx_HAL_Driver/Src/stm32f1xx_hal_tim.o
                0x0000000008002e44                TIM_Base_SetConfig
 .text.TIM_TI1_ConfigInputStage
                0x0000000008002ef4       0x5c ./Drivers/STM32F1xx_HAL_Driver/Src/stm32f1xx_hal_tim.o
 .text.TIM_TI2_ConfigInputStage
                0x0000000008002f50       0x5e ./Drivers/STM32F1xx_HAL_Driver/Src/stm32f1xx_hal_tim.o
 .text.TIM_ITRx_SetConfig
                0x0000000008002fae       0x34 ./Drivers/STM32F1xx_HAL_Driver/Src/stm32f1xx_hal_tim.o
 .text.TIM_ETR_SetConfig
                0x0000000008002fe2       0x3e ./Drivers/STM32F1xx_HAL_Driver/Src/stm32f1xx_hal_tim.o
                0x0000000008002fe2                TIM_ETR_SetConfig
 .text.HAL_TIMEx_MasterConfigSynchronization
                0x0000000008003020       0xb0 ./Drivers/STM32F1xx_HAL_Driver/Src/stm32f1xx_hal_tim_ex.o
                0x0000000008003020                HAL_TIMEx_MasterConfigSynchronization
 .text.HAL_TIMEx_CommutCallback
                0x00000000080030d0       0x12 ./Drivers/STM32F1xx_HAL_Driver/Src/stm32f1xx_hal_tim_ex.o
                0x00000000080030d0                HAL_TIMEx_CommutCallback
 .text.HAL_TIMEx_BreakCallback
                0x00000000080030e2       0x12 ./Drivers/STM32F1xx_HAL_Driver/Src/stm32f1xx_hal_tim_ex.o
                0x00000000080030e2                HAL_TIMEx_BreakCallback
 .text.__libc_init_array
                0x00000000080030f4       0x48 c:/st/stm32cubeide_1.7.0/stm32cubeide/plugins/com.st.stm32cube.ide.mcu.externaltools.gnu-tools-for-stm32.9-2020-q2-update.win32_2.0.0.202105311346/tools/bin/../lib/gcc/arm-none-eabi/9.3.1/../../../../arm-none-eabi/lib/thumb/v7-m/nofp\libc_nano.a(lib_a-init.o)
                0x00000000080030f4                __libc_init_array
 .text.memset   0x000000000800313c       0x10 c:/st/stm32cubeide_1.7.0/stm32cubeide/plugins/com.st.stm32cube.ide.mcu.externaltools.gnu-tools-for-stm32.9-2020-q2-update.win32_2.0.0.202105311346/tools/bin/../lib/gcc/arm-none-eabi/9.3.1/../../../../arm-none-eabi/lib/thumb/v7-m/nofp\libc_nano.a(lib_a-memset.o)
                0x000000000800313c                memset
 *(.glue_7)
 .glue_7        0x000000000800314c        0x0 linker stubs
 *(.glue_7t)
 .glue_7t       0x000000000800314c        0x0 linker stubs
 *(.eh_frame)
 .eh_frame      0x000000000800314c        0x0 c:/st/stm32cubeide_1.7.0/stm32cubeide/plugins/com.st.stm32cube.ide.mcu.externaltools.gnu-tools-for-stm32.9-2020-q2-update.win32_2.0.0.202105311346/tools/bin/../lib/gcc/arm-none-eabi/9.3.1/thumb/v7-m/nofp/crtbegin.o
 *(.init)
 .init          0x000000000800314c        0x4 c:/st/stm32cubeide_1.7.0/stm32cubeide/plugins/com.st.stm32cube.ide.mcu.externaltools.gnu-tools-for-stm32.9-2020-q2-update.win32_2.0.0.202105311346/tools/bin/../lib/gcc/arm-none-eabi/9.3.1/thumb/v7-m/nofp/crti.o
                0x000000000800314c                _init
 .init          0x0000000008003150        0x8 c:/st/stm32cubeide_1.7.0/stm32cubeide/plugins/com.st.stm32cube.ide.mcu.externaltools.gnu-tools-for-stm32.9-2020-q2-update.win32_2.0.0.202105311346/tools/bin/../lib/gcc/arm-none-eabi/9.3.1/thumb/v7-m/nofp/crtn.o
 *(.fini)
 .fini          0x0000000008003158        0x4 c:/st/stm32cubeide_1.7.0/stm32cubeide/plugins/com.st.stm32cube.ide.mcu.externaltools.gnu-tools-for-stm32.9-2020-q2-update.win32_2.0.0.202105311346/tools/bin/../lib/gcc/arm-none-eabi/9.3.1/thumb/v7-m/nofp/crti.o
                0x0000000008003158                _fini
 .fini          0x000000000800315c        0x8 c:/st/stm32cubeide_1.7.0/stm32cubeide/plugins/com.st.stm32cube.ide.mcu.externaltools.gnu-tools-for-stm32.9-2020-q2-update.win32_2.0.0.202105311346/tools/bin/../lib/gcc/arm-none-eabi/9.3.1/thumb/v7-m/nofp/crtn.o
                0x0000000008003164                . = ALIGN (0x4)
                0x0000000008003164                _etext = .

.vfp11_veneer   0x0000000008003164        0x0
 .vfp11_veneer  0x0000000008003164        0x0 linker stubs

.v4_bx          0x0000000008003164        0x0
 .v4_bx         0x0000000008003164        0x0 linker stubs

.iplt           0x0000000008003164        0x0
 .iplt          0x0000000008003164        0x0 c:/st/stm32cubeide_1.7.0/stm32cubeide/plugins/com.st.stm32cube.ide.mcu.externaltools.gnu-tools-for-stm32.9-2020-q2-update.win32_2.0.0.202105311346/tools/bin/../lib/gcc/arm-none-eabi/9.3.1/thumb/v7-m/nofp/crtbegin.o

.rodata         0x0000000008003164       0x20
                0x0000000008003164                . = ALIGN (0x4)
 *(.rodata)
 .rodata        0x0000000008003164       0x10 ./Drivers/STM32F1xx_HAL_Driver/Src/stm32f1xx_hal_rcc.o
 *(.rodata*)
 .rodata.AHBPrescTable
                0x0000000008003174       0x10 ./Core/Src/system_stm32f1xx.o
                0x0000000008003174                AHBPrescTable
                0x0000000008003184                . = ALIGN (0x4)

.rel.dyn        0x0000000008003184        0x0
 .rel.iplt      0x0000000008003184        0x0 c:/st/stm32cubeide_1.7.0/stm32cubeide/plugins/com.st.stm32cube.ide.mcu.externaltools.gnu-tools-for-stm32.9-2020-q2-update.win32_2.0.0.202105311346/tools/bin/../lib/gcc/arm-none-eabi/9.3.1/thumb/v7-m/nofp/crtbegin.o

.ARM.extab      0x0000000008003184        0x0
                0x0000000008003184                . = ALIGN (0x4)
 *(.ARM.extab* .gnu.linkonce.armextab.*)
                0x0000000008003184                . = ALIGN (0x4)

.ARM            0x0000000008003184        0x0
                0x0000000008003184                . = ALIGN (0x4)
                0x0000000008003184                __exidx_start = .
 *(.ARM.exidx*)
                0x0000000008003184                __exidx_end = .
                0x0000000008003184                . = ALIGN (0x4)

.preinit_array  0x0000000008003184        0x0
                0x0000000008003184                . = ALIGN (0x4)
                0x0000000008003184                PROVIDE (__preinit_array_start = .)
 *(.preinit_array*)
                0x0000000008003184                PROVIDE (__preinit_array_end = .)
                0x0000000008003184                . = ALIGN (0x4)

.init_array     0x0000000008003184        0x4
                0x0000000008003184                . = ALIGN (0x4)
                0x0000000008003184                PROVIDE (__init_array_start = .)
 *(SORT_BY_NAME(.init_array.*))
 *(.init_array*)
 .init_array    0x0000000008003184        0x4 c:/st/stm32cubeide_1.7.0/stm32cubeide/plugins/com.st.stm32cube.ide.mcu.externaltools.gnu-tools-for-stm32.9-2020-q2-update.win32_2.0.0.202105311346/tools/bin/../lib/gcc/arm-none-eabi/9.3.1/thumb/v7-m/nofp/crtbegin.o
                0x0000000008003188                PROVIDE (__init_array_end = .)
                0x0000000008003188                . = ALIGN (0x4)

.fini_array     0x0000000008003188        0x4
                0x0000000008003188                . = ALIGN (0x4)
                [!provide]                        PROVIDE (__fini_array_start = .)
 *(SORT_BY_NAME(.fini_array.*))
 *(.fini_array*)
 .fini_array    0x0000000008003188        0x4 c:/st/stm32cubeide_1.7.0/stm32cubeide/plugins/com.st.stm32cube.ide.mcu.externaltools.gnu-tools-for-stm32.9-2020-q2-update.win32_2.0.0.202105311346/tools/bin/../lib/gcc/arm-none-eabi/9.3.1/thumb/v7-m/nofp/crtbegin.o
                [!provide]                        PROVIDE (__fini_array_end = .)
                0x000000000800318c                . = ALIGN (0x4)
                0x000000000800318c                _sidata = LOADADDR (.data)

.data           0x0000000020000000       0x68 load address 0x000000000800318c
                0x0000000020000000                . = ALIGN (0x4)
                0x0000000020000000                _sdata = .
 *(.data)
 *(.data*)
 .data.KeyReg0  0x0000000020000000        0x4 ./Core/Src/button.o
                0x0000000020000000                KeyReg0
 .data.KeyReg1  0x0000000020000004        0x4 ./Core/Src/button.o
                0x0000000020000004                KeyReg1
 .data.KeyReg2  0x0000000020000008        0x4 ./Core/Src/button.o
                0x0000000020000008                KeyReg2
 .data.KeyReg3  0x000000002000000c        0x4 ./Core/Src/button.o
                0x000000002000000c                KeyReg3
 .data.KeyReg4  0x0000000020000010        0x4 ./Core/Src/button.o
                0x0000000020000010                KeyReg4
 .data.KeyReg5  0x0000000020000014        0x4 ./Core/Src/button.o
                0x0000000020000014                KeyReg5
 .data.KeyReg6  0x0000000020000018        0x4 ./Core/Src/button.o
                0x0000000020000018                KeyReg6
 .data.KeyReg7  0x000000002000001c        0x4 ./Core/Src/button.o
                0x000000002000001c                KeyReg7
 .data.KeyReg8  0x0000000020000020        0x4 ./Core/Src/button.o
                0x0000000020000020                KeyReg8
 .data.KeyReg9  0x0000000020000024        0x4 ./Core/Src/button.o
                0x0000000020000024                KeyReg9
 .data.KeyReg10
                0x0000000020000028        0x4 ./Core/Src/button.o
                0x0000000020000028                KeyReg10
 .data.KeyReg11
                0x000000002000002c        0x4 ./Core/Src/button.o
                0x000000002000002c                KeyReg11
 .data.index_7SEG
                0x0000000020000030        0x4 ./Core/Src/global.o
                0x0000000020000030                index_7SEG
 .data.RED1_TIME
                0x0000000020000034        0x4 ./Core/Src/global.o
                0x0000000020000034                RED1_TIME
 .data.YELLOW1_TIME
                0x0000000020000038        0x4 ./Core/Src/global.o
                0x0000000020000038                YELLOW1_TIME
 .data.GREEN1_TIME
                0x000000002000003c        0x4 ./Core/Src/global.o
                0x000000002000003c                GREEN1_TIME
 .data.RED2_TIME
                0x0000000020000040        0x4 ./Core/Src/global.o
                0x0000000020000040                RED2_TIME
 .data.YELLOW2_TIME
                0x0000000020000044        0x4 ./Core/Src/global.o
                0x0000000020000044                YELLOW2_TIME
 .data.GREEN2_TIME
                0x0000000020000048        0x4 ./Core/Src/global.o
                0x0000000020000048                GREEN2_TIME
 .data.counter1
                0x000000002000004c        0x4 ./Core/Src/global.o
                0x000000002000004c                counter1
 .data.counter2
                0x0000000020000050        0x4 ./Core/Src/global.o
                0x0000000020000050                counter2
 .data.index_traffic
                0x0000000020000054        0x4 ./Core/Src/global.o
                0x0000000020000054                index_traffic
 .data.TimerForKeyPress
                0x0000000020000058        0x4 ./Core/Src/global.o
                0x0000000020000058                TimerForKeyPress
 .data.SystemCoreClock
                0x000000002000005c        0x4 ./Core/Src/system_stm32f1xx.o
                0x000000002000005c                SystemCoreClock
 .data.uwTickPrio
                0x0000000020000060        0x4 ./Drivers/STM32F1xx_HAL_Driver/Src/stm32f1xx_hal.o
                0x0000000020000060                uwTickPrio
 .data.uwTickFreq
                0x0000000020000064        0x1 ./Drivers/STM32F1xx_HAL_Driver/Src/stm32f1xx_hal.o
                0x0000000020000064                uwTickFreq
 *(.RamFunc)
 *(.RamFunc*)
                0x0000000020000068                . = ALIGN (0x4)
 *fill*         0x0000000020000065        0x3 
                0x0000000020000068                _edata = .

.igot.plt       0x0000000020000068        0x0 load address 0x00000000080031f4
 .igot.plt      0x0000000020000068        0x0 c:/st/stm32cubeide_1.7.0/stm32cubeide/plugins/com.st.stm32cube.ide.mcu.externaltools.gnu-tools-for-stm32.9-2020-q2-update.win32_2.0.0.202105311346/tools/bin/../lib/gcc/arm-none-eabi/9.3.1/thumb/v7-m/nofp/crtbegin.o
                0x0000000020000068                . = ALIGN (0x4)

.bss            0x0000000020000068       0xbc load address 0x00000000080031f4
                0x0000000020000068                _sbss = .
                0x0000000020000068                __bss_start__ = _sbss
 *(.bss)
 .bss           0x0000000020000068       0x1c c:/st/stm32cubeide_1.7.0/stm32cubeide/plugins/com.st.stm32cube.ide.mcu.externaltools.gnu-tools-for-stm32.9-2020-q2-update.win32_2.0.0.202105311346/tools/bin/../lib/gcc/arm-none-eabi/9.3.1/thumb/v7-m/nofp/crtbegin.o
 *(.bss*)
 .bss.button1_flag
                0x0000000020000084        0x4 ./Core/Src/button.o
                0x0000000020000084                button1_flag
 .bss.button2_flag
                0x0000000020000088        0x4 ./Core/Src/button.o
                0x0000000020000088                button2_flag
 .bss.button3_flag
                0x000000002000008c        0x4 ./Core/Src/button.o
                0x000000002000008c                button3_flag
 .bss.status1   0x0000000020000090        0x4 ./Core/Src/global.o
                0x0000000020000090                status1
 .bss.status2   0x0000000020000094        0x4 ./Core/Src/global.o
                0x0000000020000094                status2
 .bss.status_main
                0x0000000020000098        0x4 ./Core/Src/global.o
                0x0000000020000098                status_main
 .bss.buffer_time
                0x000000002000009c        0x4 ./Core/Src/global.o
                0x000000002000009c                buffer_time
 .bss.flag_red_change
                0x00000000200000a0        0x4 ./Core/Src/global.o
                0x00000000200000a0                flag_red_change
 .bss.flag_yellow_change
                0x00000000200000a4        0x4 ./Core/Src/global.o
                0x00000000200000a4                flag_yellow_change
 .bss.flag_green_change
                0x00000000200000a8        0x4 ./Core/Src/global.o
                0x00000000200000a8                flag_green_change
 .bss.frequency
                0x00000000200000ac        0x4 ./Core/Src/global.o
                0x00000000200000ac                frequency
 .bss.timer1_counter
                0x00000000200000b0        0x4 ./Core/Src/software_timer.o
                0x00000000200000b0                timer1_counter
 .bss.timer1_flag
                0x00000000200000b4        0x4 ./Core/Src/software_timer.o
                0x00000000200000b4                timer1_flag
 .bss.timer2_counter
                0x00000000200000b8        0x4 ./Core/Src/software_timer.o
                0x00000000200000b8                timer2_counter
 .bss.timer2_flag
                0x00000000200000bc        0x4 ./Core/Src/software_timer.o
                0x00000000200000bc                timer2_flag
 .bss.timer3_counter
                0x00000000200000c0        0x4 ./Core/Src/software_timer.o
                0x00000000200000c0                timer3_counter
 .bss.timer3_flag
                0x00000000200000c4        0x4 ./Core/Src/software_timer.o
                0x00000000200000c4                timer3_flag
 .bss.timer4_counter
                0x00000000200000c8        0x4 ./Core/Src/software_timer.o
                0x00000000200000c8                timer4_counter
 .bss.timer4_flag
                0x00000000200000cc        0x4 ./Core/Src/software_timer.o
                0x00000000200000cc                timer4_flag
 .bss.timer5_counter
                0x00000000200000d0        0x4 ./Core/Src/software_timer.o
                0x00000000200000d0                timer5_counter
 .bss.timer5_flag
                0x00000000200000d4        0x4 ./Core/Src/software_timer.o
                0x00000000200000d4                timer5_flag
 *(COMMON)
 COMMON         0x00000000200000d8       0x48 ./Core/Src/main.o
                0x00000000200000d8                htim2
 COMMON         0x0000000020000120        0x4 ./Drivers/STM32F1xx_HAL_Driver/Src/stm32f1xx_hal.o
                0x0000000020000120                uwTick
                0x0000000020000124                . = ALIGN (0x4)
                0x0000000020000124                _ebss = .
                0x0000000020000124                __bss_end__ = _ebss

._user_heap_stack
                0x0000000020000124      0x604 load address 0x00000000080031f4
                0x0000000020000128                . = ALIGN (0x8)
 *fill*         0x0000000020000124        0x4 
                [!provide]                        PROVIDE (end = .)
                0x0000000020000128                PROVIDE (_end = .)
                0x0000000020000328                . = (. + _Min_Heap_Size)
 *fill*         0x0000000020000128      0x200 
                0x0000000020000728                . = (. + _Min_Stack_Size)
 *fill*         0x0000000020000328      0x400 
                0x0000000020000728                . = ALIGN (0x8)

/DISCARD/
 libc.a(*)
 libm.a(*)
 libgcc.a(*)

.ARM.attributes
                0x0000000000000000       0x29
 *(.ARM.attributes)
 .ARM.attributes
                0x0000000000000000       0x1d c:/st/stm32cubeide_1.7.0/stm32cubeide/plugins/com.st.stm32cube.ide.mcu.externaltools.gnu-tools-for-stm32.9-2020-q2-update.win32_2.0.0.202105311346/tools/bin/../lib/gcc/arm-none-eabi/9.3.1/thumb/v7-m/nofp/crti.o
 .ARM.attributes
                0x000000000000001d       0x2d c:/st/stm32cubeide_1.7.0/stm32cubeide/plugins/com.st.stm32cube.ide.mcu.externaltools.gnu-tools-for-stm32.9-2020-q2-update.win32_2.0.0.202105311346/tools/bin/../lib/gcc/arm-none-eabi/9.3.1/thumb/v7-m/nofp/crtbegin.o
 .ARM.attributes
                0x000000000000004a       0x2d ./Core/Src/blink_led.o
 .ARM.attributes
                0x0000000000000077       0x2d ./Core/Src/button.o
 .ARM.attributes
                0x00000000000000a4       0x2d ./Core/Src/display7SEG.o
 .ARM.attributes
                0x00000000000000d1       0x2d ./Core/Src/fsm_automatic.o
 .ARM.attributes
                0x00000000000000fe       0x33 ./Core/Src/global.o
 .ARM.attributes
                0x0000000000000131       0x2d ./Core/Src/main.o
 .ARM.attributes
                0x000000000000015e       0x2d ./Core/Src/main_fsm.o
 .ARM.attributes
                0x000000000000018b       0x2d ./Core/Src/software_timer.o
 .ARM.attributes
                0x00000000000001b8       0x2d ./Core/Src/stm32f1xx_hal_msp.o
 .ARM.attributes
                0x00000000000001e5       0x2d ./Core/Src/stm32f1xx_it.o
 .ARM.attributes
                0x0000000000000212       0x2d ./Core/Src/system_stm32f1xx.o
 .ARM.attributes
                0x000000000000023f       0x21 ./Core/Startup/startup_stm32f103c6ux.o
 .ARM.attributes
                0x0000000000000260       0x2d ./Drivers/STM32F1xx_HAL_Driver/Src/stm32f1xx_hal.o
 .ARM.attributes
                0x000000000000028d       0x2d ./Drivers/STM32F1xx_HAL_Driver/Src/stm32f1xx_hal_cortex.o
 .ARM.attributes
                0x00000000000002ba       0x2d ./Drivers/STM32F1xx_HAL_Driver/Src/stm32f1xx_hal_gpio.o
 .ARM.attributes
                0x00000000000002e7       0x2d ./Drivers/STM32F1xx_HAL_Driver/Src/stm32f1xx_hal_rcc.o
 .ARM.attributes
                0x0000000000000314       0x2d ./Drivers/STM32F1xx_HAL_Driver/Src/stm32f1xx_hal_tim.o
 .ARM.attributes
                0x0000000000000341       0x2d ./Drivers/STM32F1xx_HAL_Driver/Src/stm32f1xx_hal_tim_ex.o
 .ARM.attributes
                0x000000000000036e       0x2d c:/st/stm32cubeide_1.7.0/stm32cubeide/plugins/com.st.stm32cube.ide.mcu.externaltools.gnu-tools-for-stm32.9-2020-q2-update.win32_2.0.0.202105311346/tools/bin/../lib/gcc/arm-none-eabi/9.3.1/../../../../arm-none-eabi/lib/thumb/v7-m/nofp\libc_nano.a(lib_a-init.o)
 .ARM.attributes
                0x000000000000039b       0x2d c:/st/stm32cubeide_1.7.0/stm32cubeide/plugins/com.st.stm32cube.ide.mcu.externaltools.gnu-tools-for-stm32.9-2020-q2-update.win32_2.0.0.202105311346/tools/bin/../lib/gcc/arm-none-eabi/9.3.1/../../../../arm-none-eabi/lib/thumb/v7-m/nofp\libc_nano.a(lib_a-memset.o)
 .ARM.attributes
                0x00000000000003c8       0x1d c:/st/stm32cubeide_1.7.0/stm32cubeide/plugins/com.st.stm32cube.ide.mcu.externaltools.gnu-tools-for-stm32.9-2020-q2-update.win32_2.0.0.202105311346/tools/bin/../lib/gcc/arm-none-eabi/9.3.1/thumb/v7-m/nofp/crtn.o
OUTPUT(BUTTON.elf elf32-littlearm)
LOAD linker stubs
LOAD c:/st/stm32cubeide_1.7.0/stm32cubeide/plugins/com.st.stm32cube.ide.mcu.externaltools.gnu-tools-for-stm32.9-2020-q2-update.win32_2.0.0.202105311346/tools/bin/../lib/gcc/arm-none-eabi/9.3.1/../../../../arm-none-eabi/lib/thumb/v7-m/nofp\libc.a
LOAD c:/st/stm32cubeide_1.7.0/stm32cubeide/plugins/com.st.stm32cube.ide.mcu.externaltools.gnu-tools-for-stm32.9-2020-q2-update.win32_2.0.0.202105311346/tools/bin/../lib/gcc/arm-none-eabi/9.3.1/../../../../arm-none-eabi/lib/thumb/v7-m/nofp\libm.a
LOAD c:/st/stm32cubeide_1.7.0/stm32cubeide/plugins/com.st.stm32cube.ide.mcu.externaltools.gnu-tools-for-stm32.9-2020-q2-update.win32_2.0.0.202105311346/tools/bin/../lib/gcc/arm-none-eabi/9.3.1/thumb/v7-m/nofp\libgcc.a

.debug_info     0x0000000000000000     0x9b53
 .debug_info    0x0000000000000000      0x395 ./Core/Src/blink_led.o
 .debug_info    0x0000000000000395      0x4e5 ./Core/Src/button.o
 .debug_info    0x000000000000087a      0x3ff ./Core/Src/display7SEG.o
 .debug_info    0x0000000000000c79      0x371 ./Core/Src/fsm_automatic.o
 .debug_info    0x0000000000000fea      0x3a2 ./Core/Src/global.o
 .debug_info    0x000000000000138c      0xcf2 ./Core/Src/main.o
 .debug_info    0x000000000000207e      0x2b2 ./Core/Src/main_fsm.o
 .debug_info    0x0000000000002330      0x1d8 ./Core/Src/software_timer.o
 .debug_info    0x0000000000002508      0xa04 ./Core/Src/stm32f1xx_hal_msp.o
 .debug_info    0x0000000000002f0c      0x7b4 ./Core/Src/stm32f1xx_it.o
 .debug_info    0x00000000000036c0      0x2be ./Core/Src/system_stm32f1xx.o
 .debug_info    0x000000000000397e       0x22 ./Core/Startup/startup_stm32f103c6ux.o
 .debug_info    0x00000000000039a0      0x74c ./Drivers/STM32F1xx_HAL_Driver/Src/stm32f1xx_hal.o
 .debug_info    0x00000000000040ec      0xbbe ./Drivers/STM32F1xx_HAL_Driver/Src/stm32f1xx_hal_cortex.o
 .debug_info    0x0000000000004caa      0x701 ./Drivers/STM32F1xx_HAL_Driver/Src/stm32f1xx_hal_gpio.o
 .debug_info    0x00000000000053ab      0x88e ./Drivers/STM32F1xx_HAL_Driver/Src/stm32f1xx_hal_rcc.o
 .debug_info    0x0000000000005c39     0x2a45 ./Drivers/STM32F1xx_HAL_Driver/Src/stm32f1xx_hal_tim.o
 .debug_info    0x000000000000867e     0x14d5 ./Drivers/STM32F1xx_HAL_Driver/Src/stm32f1xx_hal_tim_ex.o

.debug_abbrev   0x0000000000000000     0x1b64
 .debug_abbrev  0x0000000000000000       0xf6 ./Core/Src/blink_led.o
 .debug_abbrev  0x00000000000000f6      0x13b ./Core/Src/button.o
 .debug_abbrev  0x0000000000000231      0x125 ./Core/Src/display7SEG.o
 .debug_abbrev  0x0000000000000356       0xf6 ./Core/Src/fsm_automatic.o
 .debug_abbrev  0x000000000000044c       0xa9 ./Core/Src/global.o
 .debug_abbrev  0x00000000000004f5      0x24a ./Core/Src/main.o
 .debug_abbrev  0x000000000000073f       0xb6 ./Core/Src/main_fsm.o
 .debug_abbrev  0x00000000000007f5       0xc3 ./Core/Src/software_timer.o
 .debug_abbrev  0x00000000000008b8      0x1b7 ./Core/Src/stm32f1xx_hal_msp.o
 .debug_abbrev  0x0000000000000a6f      0x176 ./Core/Src/stm32f1xx_it.o
 .debug_abbrev  0x0000000000000be5      0x14e ./Core/Src/system_stm32f1xx.o
 .debug_abbrev  0x0000000000000d33       0x12 ./Core/Startup/startup_stm32f103c6ux.o
 .debug_abbrev  0x0000000000000d45      0x1ed ./Drivers/STM32F1xx_HAL_Driver/Src/stm32f1xx_hal.o
 .debug_abbrev  0x0000000000000f32      0x313 ./Drivers/STM32F1xx_HAL_Driver/Src/stm32f1xx_hal_cortex.o
 .debug_abbrev  0x0000000000001245      0x1e8 ./Drivers/STM32F1xx_HAL_Driver/Src/stm32f1xx_hal_gpio.o
 .debug_abbrev  0x000000000000142d      0x273 ./Drivers/STM32F1xx_HAL_Driver/Src/stm32f1xx_hal_rcc.o
 .debug_abbrev  0x00000000000016a0      0x25e ./Drivers/STM32F1xx_HAL_Driver/Src/stm32f1xx_hal_tim.o
 .debug_abbrev  0x00000000000018fe      0x266 ./Drivers/STM32F1xx_HAL_Driver/Src/stm32f1xx_hal_tim_ex.o

.debug_aranges  0x0000000000000000      0xa98
 .debug_aranges
                0x0000000000000000       0x38 ./Core/Src/blink_led.o
 .debug_aranges
                0x0000000000000038       0x50 ./Core/Src/button.o
 .debug_aranges
                0x0000000000000088       0x38 ./Core/Src/display7SEG.o
 .debug_aranges
                0x00000000000000c0       0x28 ./Core/Src/fsm_automatic.o
 .debug_aranges
                0x00000000000000e8       0x18 ./Core/Src/global.o
 .debug_aranges
                0x0000000000000100       0x48 ./Core/Src/main.o
 .debug_aranges
                0x0000000000000148       0x20 ./Core/Src/main_fsm.o
 .debug_aranges
                0x0000000000000168       0x48 ./Core/Src/software_timer.o
 .debug_aranges
                0x00000000000001b0       0x30 ./Core/Src/stm32f1xx_hal_msp.o
 .debug_aranges
                0x00000000000001e0       0x68 ./Core/Src/stm32f1xx_it.o
 .debug_aranges
                0x0000000000000248       0x28 ./Core/Src/system_stm32f1xx.o
 .debug_aranges
                0x0000000000000270       0x28 ./Core/Startup/startup_stm32f103c6ux.o
 .debug_aranges
                0x0000000000000298       0xe0 ./Drivers/STM32F1xx_HAL_Driver/Src/stm32f1xx_hal.o
 .debug_aranges
                0x0000000000000378      0x100 ./Drivers/STM32F1xx_HAL_Driver/Src/stm32f1xx_hal_cortex.o
 .debug_aranges
                0x0000000000000478       0x58 ./Drivers/STM32F1xx_HAL_Driver/Src/stm32f1xx_hal_gpio.o
 .debug_aranges
                0x00000000000004d0       0x90 ./Drivers/STM32F1xx_HAL_Driver/Src/stm32f1xx_hal_rcc.o
 .debug_aranges
                0x0000000000000560      0x3d0 ./Drivers/STM32F1xx_HAL_Driver/Src/stm32f1xx_hal_tim.o
 .debug_aranges
                0x0000000000000930      0x168 ./Drivers/STM32F1xx_HAL_Driver/Src/stm32f1xx_hal_tim_ex.o

.debug_ranges   0x0000000000000000      0x978
 .debug_ranges  0x0000000000000000       0x28 ./Core/Src/blink_led.o
 .debug_ranges  0x0000000000000028       0x40 ./Core/Src/button.o
 .debug_ranges  0x0000000000000068       0x28 ./Core/Src/display7SEG.o
 .debug_ranges  0x0000000000000090       0x18 ./Core/Src/fsm_automatic.o
 .debug_ranges  0x00000000000000a8       0x38 ./Core/Src/main.o
 .debug_ranges  0x00000000000000e0       0x10 ./Core/Src/main_fsm.o
 .debug_ranges  0x00000000000000f0       0x38 ./Core/Src/software_timer.o
 .debug_ranges  0x0000000000000128       0x20 ./Core/Src/stm32f1xx_hal_msp.o
 .debug_ranges  0x0000000000000148       0x58 ./Core/Src/stm32f1xx_it.o
 .debug_ranges  0x00000000000001a0       0x18 ./Core/Src/system_stm32f1xx.o
 .debug_ranges  0x00000000000001b8       0x20 ./Core/Startup/startup_stm32f103c6ux.o
 .debug_ranges  0x00000000000001d8       0xd0 ./Drivers/STM32F1xx_HAL_Driver/Src/stm32f1xx_hal.o
 .debug_ranges  0x00000000000002a8       0xf0 ./Drivers/STM32F1xx_HAL_Driver/Src/stm32f1xx_hal_cortex.o
 .debug_ranges  0x0000000000000398       0x48 ./Drivers/STM32F1xx_HAL_Driver/Src/stm32f1xx_hal_gpio.o
 .debug_ranges  0x00000000000003e0       0x80 ./Drivers/STM32F1xx_HAL_Driver/Src/stm32f1xx_hal_rcc.o
 .debug_ranges  0x0000000000000460      0x3c0 ./Drivers/STM32F1xx_HAL_Driver/Src/stm32f1xx_hal_tim.o
 .debug_ranges  0x0000000000000820      0x158 ./Drivers/STM32F1xx_HAL_Driver/Src/stm32f1xx_hal_tim_ex.o

.debug_macro    0x0000000000000000    0x16f33
 .debug_macro   0x0000000000000000      0x1d9 ./Core/Src/blink_led.o
 .debug_macro   0x00000000000001d9      0xa9c ./Core/Src/blink_led.o
 .debug_macro   0x0000000000000c75      0x215 ./Core/Src/blink_led.o
 .debug_macro   0x0000000000000e8a       0x2e ./Core/Src/blink_led.o
 .debug_macro   0x0000000000000eb8       0x22 ./Core/Src/blink_led.o
 .debug_macro   0x0000000000000eda       0x22 ./Core/Src/blink_led.o
 .debug_macro   0x0000000000000efc       0x8e ./Core/Src/blink_led.o
 .debug_macro   0x0000000000000f8a       0x51 ./Core/Src/blink_led.o
 .debug_macro   0x0000000000000fdb      0x103 ./Core/Src/blink_led.o
 .debug_macro   0x00000000000010de       0x6a ./Core/Src/blink_led.o
 .debug_macro   0x0000000000001148      0x1df ./Core/Src/blink_led.o
 .debug_macro   0x0000000000001327       0x1c ./Core/Src/blink_led.o
 .debug_macro   0x0000000000001343       0x22 ./Core/Src/blink_led.o
 .debug_macro   0x0000000000001365       0xc3 ./Core/Src/blink_led.o
 .debug_macro   0x0000000000001428      0xd23 ./Core/Src/blink_led.o
 .debug_macro   0x000000000000214b     0xde75 ./Core/Src/blink_led.o
 .debug_macro   0x000000000000ffc0       0x6d ./Core/Src/blink_led.o
 .debug_macro   0x000000000001002d     0x3468 ./Core/Src/blink_led.o
 .debug_macro   0x0000000000013495      0x174 ./Core/Src/blink_led.o
 .debug_macro   0x0000000000013609       0x5c ./Core/Src/blink_led.o
 .debug_macro   0x0000000000013665      0x5be ./Core/Src/blink_led.o
 .debug_macro   0x0000000000013c23      0x1b7 ./Core/Src/blink_led.o
 .debug_macro   0x0000000000013dda      0x1cb ./Core/Src/blink_led.o
 .debug_macro   0x0000000000013fa5      0x114 ./Core/Src/blink_led.o
 .debug_macro   0x00000000000140b9      0x1b2 ./Core/Src/blink_led.o
 .debug_macro   0x000000000001426b       0x27 ./Core/Src/blink_led.o
 .debug_macro   0x0000000000014292      0x12f ./Core/Src/blink_led.o
 .debug_macro   0x00000000000143c1      0x1bc ./Core/Src/blink_led.o
 .debug_macro   0x000000000001457d       0x34 ./Core/Src/blink_led.o
 .debug_macro   0x00000000000145b1       0x3c ./Core/Src/blink_led.o
 .debug_macro   0x00000000000145ed       0x57 ./Core/Src/blink_led.o
 .debug_macro   0x0000000000014644       0x88 ./Core/Src/blink_led.o
 .debug_macro   0x00000000000146cc      0x183 ./Core/Src/blink_led.o
 .debug_macro   0x000000000001484f      0x141 ./Core/Src/blink_led.o
 .debug_macro   0x0000000000014990      0x8d1 ./Core/Src/blink_led.o
 .debug_macro   0x0000000000015261       0x69 ./Core/Src/blink_led.o
 .debug_macro   0x00000000000152ca      0x178 ./Core/Src/blink_led.o
 .debug_macro   0x0000000000015442       0x10 ./Core/Src/blink_led.o
 .debug_macro   0x0000000000015452       0x46 ./Core/Src/blink_led.o
 .debug_macro   0x0000000000015498      0x1d7 ./Core/Src/button.o
 .debug_macro   0x000000000001566f      0x1d9 ./Core/Src/display7SEG.o
 .debug_macro   0x0000000000015848      0x1d9 ./Core/Src/fsm_automatic.o
 .debug_macro   0x0000000000015a21      0x1d3 ./Core/Src/global.o
 .debug_macro   0x0000000000015bf4      0x20b ./Core/Src/main.o
 .debug_macro   0x0000000000015dff      0x1f7 ./Core/Src/main_fsm.o
 .debug_macro   0x0000000000015ff6       0x1b ./Core/Src/software_timer.o
 .debug_macro   0x0000000000016011      0x1a7 ./Core/Src/stm32f1xx_hal_msp.o
 .debug_macro   0x00000000000161b8      0x1b1 ./Core/Src/stm32f1xx_it.o
 .debug_macro   0x0000000000016369      0x198 ./Core/Src/system_stm32f1xx.o
 .debug_macro   0x0000000000016501      0x1bc ./Drivers/STM32F1xx_HAL_Driver/Src/stm32f1xx_hal.o
 .debug_macro   0x00000000000166bd      0x198 ./Drivers/STM32F1xx_HAL_Driver/Src/stm32f1xx_hal_cortex.o
 .debug_macro   0x0000000000016855      0x203 ./Drivers/STM32F1xx_HAL_Driver/Src/stm32f1xx_hal_gpio.o
 .debug_macro   0x0000000000016a58      0x1aa ./Drivers/STM32F1xx_HAL_Driver/Src/stm32f1xx_hal_rcc.o
 .debug_macro   0x0000000000016c02      0x199 ./Drivers/STM32F1xx_HAL_Driver/Src/stm32f1xx_hal_tim.o
 .debug_macro   0x0000000000016d9b      0x198 ./Drivers/STM32F1xx_HAL_Driver/Src/stm32f1xx_hal_tim_ex.o

.debug_line     0x0000000000000000     0xc16e
 .debug_line    0x0000000000000000      0x704 ./Core/Src/blink_led.o
 .debug_line    0x0000000000000704      0x7f6 ./Core/Src/button.o
 .debug_line    0x0000000000000efa      0x92e ./Core/Src/display7SEG.o
 .debug_line    0x0000000000001828      0x768 ./Core/Src/fsm_automatic.o
 .debug_line    0x0000000000001f90      0x66d ./Core/Src/global.o
 .debug_line    0x00000000000025fd      0x805 ./Core/Src/main.o
 .debug_line    0x0000000000002e02      0x7aa ./Core/Src/main_fsm.o
 .debug_line    0x00000000000035ac      0x14d ./Core/Src/software_timer.o
 .debug_line    0x00000000000036f9      0x6a1 ./Core/Src/stm32f1xx_hal_msp.o
 .debug_line    0x0000000000003d9a      0x73f ./Core/Src/stm32f1xx_it.o
 .debug_line    0x00000000000044d9      0x6e3 ./Core/Src/system_stm32f1xx.o
 .debug_line    0x0000000000004bbc       0x87 ./Core/Startup/startup_stm32f103c6ux.o
 .debug_line    0x0000000000004c43      0x910 ./Drivers/STM32F1xx_HAL_Driver/Src/stm32f1xx_hal.o
 .debug_line    0x0000000000005553      0xaf8 ./Drivers/STM32F1xx_HAL_Driver/Src/stm32f1xx_hal_cortex.o
 .debug_line    0x000000000000604b      0x991 ./Drivers/STM32F1xx_HAL_Driver/Src/stm32f1xx_hal_gpio.o
 .debug_line    0x00000000000069dc      0xd1e ./Drivers/STM32F1xx_HAL_Driver/Src/stm32f1xx_hal_rcc.o
 .debug_line    0x00000000000076fa     0x326e ./Drivers/STM32F1xx_HAL_Driver/Src/stm32f1xx_hal_tim.o
 .debug_line    0x000000000000a968     0x1806 ./Drivers/STM32F1xx_HAL_Driver/Src/stm32f1xx_hal_tim_ex.o

.debug_str      0x0000000000000000    0x824a6
 .debug_str     0x0000000000000000    0x7f894 ./Core/Src/blink_led.o
                                      0x7fbf9 (size before relaxing)
 .debug_str     0x000000000007f894      0x10a ./Core/Src/button.o
                                      0x7fc9e (size before relaxing)
 .debug_str     0x000000000007f99e       0x98 ./Core/Src/display7SEG.o
                                      0x7fc2c (size before relaxing)
 .debug_str     0x000000000007fa36       0x58 ./Core/Src/fsm_automatic.o
                                      0x7fbec (size before relaxing)
 .debug_str     0x000000000007fa8e       0x15 ./Core/Src/global.o
                                      0x7fb62 (size before relaxing)
 .debug_str     0x000000000007faa3      0x6f5 ./Core/Src/main.o
                                      0x80382 (size before relaxing)
 .debug_str     0x0000000000080198       0x20 ./Core/Src/main_fsm.o
                                      0x7fbba (size before relaxing)
 .debug_str     0x00000000000801b8       0xac ./Core/Src/software_timer.o
                                       0x2e3b (size before relaxing)
 .debug_str     0x0000000000080264      0x2ba ./Core/Src/stm32f1xx_hal_msp.o
                                      0x8017d (size before relaxing)
 .debug_str     0x000000000008051e       0xcd ./Core/Src/stm32f1xx_it.o
                                      0x7fedf (size before relaxing)
 .debug_str     0x00000000000805eb       0x52 ./Core/Src/system_stm32f1xx.o
                                      0x7f4e4 (size before relaxing)
 .debug_str     0x000000000008063d       0x36 ./Core/Startup/startup_stm32f103c6ux.o
                                         0x4f (size before relaxing)
 .debug_str     0x0000000000080673      0x304 ./Drivers/STM32F1xx_HAL_Driver/Src/stm32f1xx_hal.o
                                      0x7fb3b (size before relaxing)
 .debug_str     0x0000000000080977      0x300 ./Drivers/STM32F1xx_HAL_Driver/Src/stm32f1xx_hal_cortex.o
                                      0x7fb43 (size before relaxing)
 .debug_str     0x0000000000080c77      0x324 ./Drivers/STM32F1xx_HAL_Driver/Src/stm32f1xx_hal_gpio.o
                                      0x7f8a8 (size before relaxing)
 .debug_str     0x0000000000080f9b      0x24f ./Drivers/STM32F1xx_HAL_Driver/Src/stm32f1xx_hal_rcc.o
                                      0x7f8e1 (size before relaxing)
 .debug_str     0x00000000000811ea      0xdce ./Drivers/STM32F1xx_HAL_Driver/Src/stm32f1xx_hal_tim.o
                                      0x808b3 (size before relaxing)
 .debug_str     0x0000000000081fb8      0x4ee ./Drivers/STM32F1xx_HAL_Driver/Src/stm32f1xx_hal_tim_ex.o
                                      0x80064 (size before relaxing)

.comment        0x0000000000000000       0x53
 .comment       0x0000000000000000       0x53 ./Core/Src/blink_led.o
                                         0x54 (size before relaxing)
 .comment       0x0000000000000053       0x54 ./Core/Src/button.o
 .comment       0x0000000000000053       0x54 ./Core/Src/display7SEG.o
 .comment       0x0000000000000053       0x54 ./Core/Src/fsm_automatic.o
 .comment       0x0000000000000053       0x54 ./Core/Src/global.o
 .comment       0x0000000000000053       0x54 ./Core/Src/main.o
 .comment       0x0000000000000053       0x54 ./Core/Src/main_fsm.o
 .comment       0x0000000000000053       0x54 ./Core/Src/software_timer.o
 .comment       0x0000000000000053       0x54 ./Core/Src/stm32f1xx_hal_msp.o
 .comment       0x0000000000000053       0x54 ./Core/Src/stm32f1xx_it.o
 .comment       0x0000000000000053       0x54 ./Core/Src/system_stm32f1xx.o
 .comment       0x0000000000000053       0x54 ./Drivers/STM32F1xx_HAL_Driver/Src/stm32f1xx_hal.o
 .comment       0x0000000000000053       0x54 ./Drivers/STM32F1xx_HAL_Driver/Src/stm32f1xx_hal_cortex.o
 .comment       0x0000000000000053       0x54 ./Drivers/STM32F1xx_HAL_Driver/Src/stm32f1xx_hal_gpio.o
 .comment       0x0000000000000053       0x54 ./Drivers/STM32F1xx_HAL_Driver/Src/stm32f1xx_hal_rcc.o
 .comment       0x0000000000000053       0x54 ./Drivers/STM32F1xx_HAL_Driver/Src/stm32f1xx_hal_tim.o
 .comment       0x0000000000000053       0x54 ./Drivers/STM32F1xx_HAL_Driver/Src/stm32f1xx_hal_tim_ex.o

.debug_frame    0x0000000000000000     0x2950
 .debug_frame   0x0000000000000000       0x80 ./Core/Src/blink_led.o
 .debug_frame   0x0000000000000080       0xec ./Core/Src/button.o
 .debug_frame   0x000000000000016c       0xa8 ./Core/Src/display7SEG.o
 .debug_frame   0x0000000000000214       0x48 ./Core/Src/fsm_automatic.o
 .debug_frame   0x000000000000025c       0xd8 ./Core/Src/main.o
 .debug_frame   0x0000000000000334       0x2c ./Core/Src/main_fsm.o
 .debug_frame   0x0000000000000360       0xf8 ./Core/Src/software_timer.o
 .debug_frame   0x0000000000000458       0x80 ./Core/Src/stm32f1xx_hal_msp.o
 .debug_frame   0x00000000000004d8      0x120 ./Core/Src/stm32f1xx_it.o
 .debug_frame   0x00000000000005f8       0x58 ./Core/Src/system_stm32f1xx.o
 .debug_frame   0x0000000000000650      0x334 ./Drivers/STM32F1xx_HAL_Driver/Src/stm32f1xx_hal.o
 .debug_frame   0x0000000000000984      0x428 ./Drivers/STM32F1xx_HAL_Driver/Src/stm32f1xx_hal_cortex.o
 .debug_frame   0x0000000000000dac      0x14c ./Drivers/STM32F1xx_HAL_Driver/Src/stm32f1xx_hal_gpio.o
 .debug_frame   0x0000000000000ef8      0x21c ./Drivers/STM32F1xx_HAL_Driver/Src/stm32f1xx_hal_rcc.o
 .debug_frame   0x0000000000001114     0x11b8 ./Drivers/STM32F1xx_HAL_Driver/Src/stm32f1xx_hal_tim.o
 .debug_frame   0x00000000000022cc      0x638 ./Drivers/STM32F1xx_HAL_Driver/Src/stm32f1xx_hal_tim_ex.o
 .debug_frame   0x0000000000002904       0x2c c:/st/stm32cubeide_1.7.0/stm32cubeide/plugins/com.st.stm32cube.ide.mcu.externaltools.gnu-tools-for-stm32.9-2020-q2-update.win32_2.0.0.202105311346/tools/bin/../lib/gcc/arm-none-eabi/9.3.1/../../../../arm-none-eabi/lib/thumb/v7-m/nofp\libc_nano.a(lib_a-init.o)
 .debug_frame   0x0000000000002930       0x20 c:/st/stm32cubeide_1.7.0/stm32cubeide/plugins/com.st.stm32cube.ide.mcu.externaltools.gnu-tools-for-stm32.9-2020-q2-update.win32_2.0.0.202105311346/tools/bin/../lib/gcc/arm-none-eabi/9.3.1/../../../../arm-none-eabi/lib/thumb/v7-m/nofp\libc_nano.a(lib_a-memset.o)
